// Jest Snapshot v1, https://goo.gl/fbAQLP

exports[`renders homepage unchanged 1`] = `
<div>
  <div
    class="MuiBox-root css-1qkicvi"
  >
    <span
      class="MuiSkeleton-root MuiSkeleton-rectangular MuiSkeleton-pulse css-8bt1m7-MuiSkeleton-root"
      style="width: 100%; height: 300px;"
    />
  </div>
</div>
`;
